 NREP  EXP  TRT  NYR FILEX        DESCRIPTION
    1    1    1   28 ETMZpolo.SNX
